Command: /home/zen_vega/.espressif/python_env/idf5.5_py3.13_env/bin/python /home/zen_vega/esp/esp-idf/tools/idf_monitor.py -p /dev/ttyUSB0 -b 115200 --toolchain-prefix xtensa-esp32-elf- --target esp32 --revision 0 /home/zen_vega/mcu_projects/learn_esp/build/learn_esp.elf /home/zen_vega/mcu_projects/learn_esp/build/bootloader/bootloader.elf -m '/home/zen_vega/.espressif/python_env/idf5.5_py3.13_env/bin/python' '/home/zen_vega/esp/esp-idf/tools/idf.py' '-p' '/dev/ttyUSB0'
.0
[0;32mI (212) heap_init: Initializing. RAM available for dynamic allocation:[0m
[0;32mI (218) heap_init:ï¿½ets Jun  8 2016 00:22:57[0m

rst:0x1 (POWERON_RESET),boot:0x12 (SPI_FAST_FLASH_BOOT)
configsip: 0, SPIWP:0xee
clk_drv:0x00,q_drv:0x00,d_drv:0x00,cs0_drv:0x00,hd_drv:0x00,wp_drv:0x00
mode:DIO, clock div:2
load:0x3fff0030,len:6380
ho 0 tail 12 room 4
load:0x40078000,len:15916
load:0x40080400,len:3860
entry 0x40080638
[0;32mI (29) boot: ESP-IDF v5.5 2nd stage bootloader[0m
[0;32mI (29) boot: compile time Jul 27 2025 21:23:43[0m
[0;32mI (29) boot: Multicore bootloader[0m
[0;32mI (30) boot: chip revision: v1.0[0m
[0;32mI (33) boot.esp32: SPI Speed      : 40MHz[0m
[0;32mI (37) boot.esp32: SPI Mode       : DIO[0m
[0;32mI (40) boot.esp32: SPI Flash Size : 4MB[0m
[0;32mI (44) boot: Enabling RNG early entropy source...[0m
[0;32mI (48) boot: Partition Table:[0m
[0;32mI (51) boot: ## Label            Usage          Type ST Offset   Length[0m
[0;32mI (57) boot:  0 nvs              WiFi data        01 02 00009000 00006000[0m
[0;32mI (64) boot:  1 phy_init         RF data          01 01 0000f000 00001000[0m
[0;32mI (70) boot:  2 factory          factory app      00 00 00010000 00100000[0m
[0;32mI (77) boot: End of partition table[0m
[0;32mI (80) esp_image: segment 0: paddr=00010020 vaddr=3f400020 size=07b70h ( 31600) map[0m
[0;32mI (98) esp_image: segment 1: paddr=00017b98 vaddr=3ff80000 size=00020h (    32) load[0m
[0;32mI (99) esp_image: segment 2: paddr=00017bc0 vaddr=3ffb0000 size=02208h (  8712) load[0m
[0;32mI (105) esp_image: segment 3: paddr=00019dd0 vaddr=40080000 size=06248h ( 25160) load[0m
[0;32mI (120) esp_image: segment 4: paddr=00020020 vaddr=400d0020 size=1014ch ( 65868) map[0m
[0;32mI (142) esp_image: segment 5: paddr=00030174 vaddr=40086248 size=0695ch ( 26972) load[0m
[0;32mI (159) boot: Loaded app from partition at offset 0x10000[0m
[0;32mI (160) boot: Disabling RNG early entropy source...[0m
[0;32mI (170) cpu_start: Multicore app[0m
[0;32mI (178) cpu_start: Pro cpu start user code[0m
[0;32mI (178) cpu_start: cpu freq: 160000000 Hz[0m
[0;32mI (178) app_init: Application information:[0m
[0;32mI (178) app_init: Project name:     learn_esp[0m
[0;32mI (182) app_init: App version:      81c37b8-dirty[0m
[0;32mI (187) app_init: Compile time:     Jul 28 2025 16:19:35[0m
[0;32mI (192) app_init: ELF file SHA256:  7153395b2...[0m
[0;32mI (196) app_init: ESP-IDF:          v5.5[0m
[0;32mI (200) efuse_init: Min chip rev:     v0.0[0m
[0;32mI (204) efuse_init: Max chip rev:     v3.99 [0m
[0;32mI (208) efuse_init: Chip rev:         v1.0[0m
[0;32mI (212) heap_init: Initializing. RAM available for dynamic allocation:[0m
[0;32mI (218) heap_init: At 3FFAE6E0 len 00001920 (6 KiB): DRAM[0m
[0;32mI (223) heap_init: At 3FFB2A70 len 0002D590 (181 KiB): DRAM[0m
[0;32mI (228) heap_init: At 3FFE0440 len 00003AE0 (14 KiB): D/IRAM[0m
[0;32mI (234) heap_init: At 3FFE4350 len 0001BCB0 (111 KiB): D/IRAM[0m
[0;32mI (239) heap_init: At 4008CBA4 len 0001345C (77 KiB): IRAM[0m
[0;32mI (245) spi_flash: detected chip: generic[0m
[0;32mI (248) spi_flash: flash io: dio[0m
[0;32mI (252) main_task: Started on CPU0[0m
[0;32mI (262) main_task: Calling app_main()[0m
================IO DUMP Start================
IO[0] -
  Pullup: 1, Pulldown: 0, DriveCap: 2
  InputEn: 1, OutputEn: 0, OpenDrain: 0
  FuncSel: 0 (IOMUX)
  SleepSelEn: 0

IO[1] -
  Pullup: 0, Pulldown: 0, DriveCap: 2
  InputEn: 1, OutputEn: 0, OpenDrain: 0
  FuncSel: 0 (IOMUX)
  SleepSelEn: 0

IO[2] -
  Pullup: 0, Pulldown: 1, DriveCap: 2
  InputEn: 1, OutputEn: 0, OpenDrain: 0
  FuncSel: 0 (IOMUX)
  SleepSelEn: 0

IO[3] -
  Pullup: 1, Pulldown: 0, DriveCap: 2
  InputEn: 1, OutputEn: 0, OpenDrain: 0
  FuncSel: 0 (IOMUX)
  SleepSelEn: 0

IO[4] -
  Pullup: 0, Pulldown: 1, DriveCap: 2
  InputEn: 1, OutputEn: 0, OpenDrain: 0
  FuncSel: 0 (IOMUX)
  SleepSelEn: 0

IO[5] -
  Pullup: 1, Pulldown: 0, DriveCap: 2
  InputEn: 1, OutputEn: 0, OpenDrain: 0
  FuncSel: 0 (IOMUX)
  SleepSelEn: 0

IO[6] **RESERVED** -
  Pullup: 1, Pulldown: 0, DriveCap: 2
  InputEn: 1, OutputEn: 0, OpenDrain: 0
  FuncSel: 1 (IOMUX)
  SleepSelEn: 0

IO[7] **RESERVED** -
  Pullup: 1, Pulldown: 0, DriveCap: 2
  InputEn: 1, OutputEn: [periph_sig_ctrl], OpenDrain: 0
  FuncSel: 2 (GPIO)
  GPIO Matrix SigOut ID: 1
  GPIO Matrix SigIn ID: 1
  SleepSelEn: 0

IO[8] **RESERVED** -
  Pullup: 1, Pulldown: 0, DriveCap: 2
  InputEn: 1, OutputEn: [periph_sig_ctrl], OpenDrain: 0
  FuncSel: 2 (GPIO)
  GPIO Matrix SigOut ID: 2
  GPIO Matrix SigIn ID: 2
  SleepSelEn: 0

IO[9] **RESERVED** -
  Pullup: 1, Pulldown: 0, DriveCap: 2
  InputEn: 1, OutputEn: [periph_sig_ctrl], OpenDrain: 0
  FuncSel: 2 (GPIO)
  GPIO Matrix SigOut ID: 3
  GPIO Matrix SigIn ID: 3
  SleepSelEn: 0

IO[10] **RESERVED** -
  Pullup: 1, Pulldown: 0, DriveCap: 2
  InputEn: 1, OutputEn: [periph_sig_ctrl], OpenDrain: 0
  FuncSel: 2 (GPIO)
  GPIO Matrix SigOut ID: 4
  GPIO Matrix SigIn ID: 4
  SleepSelEn: 0

IO[11] **RESERVED** -
  Pullup: 1, Pulldown: 0, DriveCap: 2
  InputEn: 1, OutputEn: [periph_sig_ctrl], OpenDrain: 0
  FuncSel: 2 (GPIO)
  GPIO Matrix SigOut ID: 5
  GPIO Matrix SigIn ID: (simple GPIO input)
  SleepSelEn: 0

IO[12] -
  Pullup: 0, Pulldown: 1, DriveCap: 2
  InputEn: 1, OutputEn: 0, OpenDrain: 0
  FuncSel: 0 (IOMUX)
  SleepSelEn: 0

IO[13] -
  Pullup: 0, Pulldown: 1, DriveCap: 2
  InputEn: 1, OutputEn: 0, OpenDrain: 0
  FuncSel: 0 (IOMUX)
  SleepSelEn: 0

IO[14] -
  Pullup: 1, Pulldown: 0, DriveCap: 2
  InputEn: 1, OutputEn: 0, OpenDrain: 0
  FuncSel: 0 (IOMUX)
  SleepSelEn: 0

IO[15] -
  Pullup: 1, Pulldown: 0, DriveCap: 2
  InputEn: 1, OutputEn: 0, OpenDrain: 0
  FuncSel: 0 (IOMUX)
  SleepSelEn: 0

IO[16] -
  Pullup: 0, Pulldown: 0, DriveCap: 2
  InputEn: 1, OutputEn: 0, OpenDrain: 0
  FuncSel: 0 (IOMUX)
  SleepSelEn: 0

IO[17] -
  Pullup: 0, Pulldown: 0, DriveCap: 2
  InputEn: 1, OutputEn: 0, OpenDrain: 0
  FuncSel: 0 (IOMUX)
  SleepSelEn: 0

IO[18] -
  Pullup: 0, Pulldown: 0, DriveCap: 2
  InputEn: 1, OutputEn: 0, OpenDrain: 0
  FuncSel: 0 (IOMUX)
  SleepSelEn: 0

IO[19] -
  Pullup: 0, Pulldown: 0, DriveCap: 2
  InputEn: 1, OutputEn: 0, OpenDrain: 0
  FuncSel: 0 (IOMUX)
  SleepSelEn: 0

IO[20] -
  Pullup: 0, Pulldown: 0, DriveCap: 2
  InputEn: 1, OutputEn: [periph_sig_ctrl], OpenDrain: 0
  FuncSel: 0 (IOMUX)
  SleepSelEn: 0

IO[21] -
  Pullup: 0, Pulldown: 0, DriveCap: 2
  InputEn: 1, OutputEn: [periph_sig_ctrl], OpenDrain: 0
  FuncSel: 0 (IOMUX)
  SleepSelEn: 0

IO[22] -
  Pullup: 0, Pulldown: 0, DriveCap: 2
  InputEn: 1, OutputEn: [periph_sig_ctrl], OpenDrain: 0
  FuncSel: 0 (IOMUX)
  SleepSelEn: 0

IO[23] -
  Pullup: 0, Pulldown: 0, DriveCap: 2
  InputEn: 1, OutputEn: 0, OpenDrain: 0
  FuncSel: 0 (IOMUX)
  SleepSelEn: 0

IO[25] -
  Pullup: 0, Pulldown: 0, DriveCap: 2
  InputEn: 0, OutputEn: 0, OpenDrain: 0
  FuncSel: 0 (IOMUX)
  SleepSelEn: 0

IO[26] -
  Pullup: 0, Pulldown: 0, DriveCap: 2
  InputEn: 0, OutputEn: 0, OpenDrain: 0
  FuncSel: 0 (IOMUX)
  SleepSelEn: 0

IO[27] -
  Pullup: 0, Pulldown: 0, DriveCap: 2
  InputEn: 1, OutputEn: 0, OpenDrain: 0
  FuncSel: 0 (IOMUX)
  SleepSelEn: 0

IO[32] -
  Pullup: 0, Pulldown: 0, DriveCap: 2
  InputEn: 0, OutputEn: 0, OpenDrain: 0
  FuncSel: 0 (IOMUX)
  SleepSelEn: 0

IO[33] -
  Pullup: 0, Pulldown: 0, DriveCap: 2
  InputEn: 0, OutputEn: 0, OpenDrain: 0
  FuncSel: 0 (IOMUX)
  SleepSelEn: 0

IO[34] -
  Pullup: 0, Pulldown: 0, DriveCap: 0
  InputEn: 0, OutputEn: 0, OpenDrain: 0
  FuncSel: 0 (IOMUX)
  SleepSelEn: 0

IO[35] -
  Pullup: 0, Pulldown: 0, DriveCap: 0
  InputEn: 0, OutputEn: 0, OpenDrain: 0
  FuncSel: 0 (IOMUX)
  SleepSelEn: 0

IO[36] -
  Pullup: 0, Pulldown: 0, DriveCap: 0
  InputEn: 0, OutputEn: 0, OpenDrain: 0
  FuncSel: 0 (IOMUX)
  SleepSelEn: 0

IO[37] -
  Pullup: 0, Pulldown: 0, DriveCap: 0
  InputEn: 0, OutputEn: 0, OpenDrain: 0
  FuncSel: 0 (IOMUX)
  SleepSelEn: 0

IO[38] -
  Pullup: 0, Pulldown: 0, DriveCap: 0
  InputEn: 0, OutputEn: 0, OpenDrain: 0
  FuncSel: 0 (IOMUX)
  SleepSelEn: 0

IO[39] -
  Pullup: 0, Pulldown: 0, DriveCap: 0
  InputEn: 0, OutputEn: 0, OpenDrain: 0
  FuncSel: 0 (IOMUX)
  SleepSelEn: 0

=================IO DUMP End=================
[0;32mI (702) main_task: Returned from app_main()[0m
